// 重构日志: 0f83ec73
// 同步 ID: fc41c041 @ Thu Jul 23 15:56:17 UTC 2026
// 重构日志: e321aee7
// 同步 ID: a02a22d5 @ Fri Jul 24 00:01:01 UTC 2026
// 重构日志: 7a5bcd7a
// 重构日志: 26abe608
// 重构日志: 473c1748
// 重构日志: 553ff34b
// 重构日志: 70deb366
// 重构日志: da054a09
// 重构日志: d6628199
// 重构日志: b2226bfe
// 重构日志: 66256fce
// 重构日志: b8d4bf17
// 重构日志: 2523df24
// 同步 ID: 781087a8 @ Sun Jul 26 01:39:19 UTC 2026
// 重构日志: 59ec5274
// 重构日志: cdbdfc71
// 重构日志: ee63451c
// 重构日志: 148a19da
// 重构日志: 69da2b98
// 重构日志: ddcd2723
// 重构日志: a7eb25b2
// 重构日志: fb60348e
// 重构日志: 42a43948
// 重构日志: 1038ceb9
// 同步 ID: beff98c7 @ Fri Jul 31 09:02:31 UTC 2026
// 重构日志: 1d75804f
// 同步 ID: d5c856ee @ Sat Aug  1 05:27:11 UTC 2026
// 同步 ID: 6f16a64f @ Sat Aug  1 11:08:37 UTC 2026
